[2025-10-04 12:30:21] 🔄 Starting iCloud sync process...
[2025-10-04 12:30:21] 📊 Files in inbox before sync:       35
[2025-10-04 12:30:21] 📋 Copying new file: 2025:10:03, 21:57.png
[2025-10-04 12:30:21] 📊 Files in inbox after sync:       36
[2025-10-04 12:30:21] ✅ New files copied: 1
[2025-10-04 12:30:21] 🔄 Committing new screenshots to git...
[2025-10-04 12:30:21] 📭 No changes to commit
[2025-10-04 12:30:21] ✅ iCloud sync process completed successfully
[2025-10-04 13:17:41] 🔄 Starting iCloud sync process...
[2025-10-04 13:17:41] 📊 Files in inbox before sync:       36
[2025-10-04 13:17:41] 📊 Files in inbox after sync:       36
[2025-10-04 13:17:41] ✅ New files copied: 0
[2025-10-04 13:17:41] 📭 No new files to sync
[2025-10-04 13:17:41] ✅ iCloud sync process completed successfully
[2025-10-04 16:16:23] 🔄 Starting iCloud sync process...
[2025-10-04 16:16:23] 📊 Files in inbox before sync:       36
[2025-10-04 16:16:23] 📋 Copying new file: 2025:09:25, 11:05.png
[2025-10-04 16:16:23] 📋 Copying new file: 2025:09:25, 17:15.png
[2025-10-04 16:16:23] 📋 Copying new file: 2025:09:25, 18:04.png
[2025-10-04 16:16:23] 📋 Copying new file: 2025:09:26, 10:03.png
[2025-10-04 16:16:23] 📋 Copying new file: 2025:09:26, 14:25.png
[2025-10-04 16:16:23] 📋 Copying new file: 2025:09:27, 10:39.png
[2025-10-04 16:16:23] 📋 Copying new file: 2025:09:27, 14:16.png
[2025-10-04 16:16:23] 📋 Copying new file: 2025:09:27, 16:08.png
[2025-10-04 16:16:23] 📋 Copying new file: 2025:09:27, 16:48.png
[2025-10-04 16:16:23] 📋 Copying new file: 2025:09:28, 10:50.png
[2025-10-04 16:16:23] 📋 Copying new file: 2025:09:28, 11:22.png
[2025-10-04 16:16:23] 📋 Copying new file: 2025:09:28, 11:35.png
[2025-10-04 16:16:23] 📋 Copying new file: 2025:09:28, 11:45.png
[2025-10-04 16:16:23] 📋 Copying new file: 2025:09:28, 13:16.png
[2025-10-04 16:16:23] 📋 Copying new file: 2025:09:28, 9:57.png
[2025-10-04 16:16:23] 📋 Copying new file: 2025:09:29, 14:36.png
[2025-10-04 16:16:23] 📋 Copying new file: 2025:09:29, 17:15.png
[2025-10-04 16:16:23] 📋 Copying new file: 2025:09:30, 9:49.png
[2025-10-04 16:16:23] 📋 Copying new file: 2025:10:01, 8:44.png
[2025-10-04 16:16:23] 📋 Copying new file: 2025:10:02, 17:49.png
[2025-10-04 16:16:23] 📋 Copying new file: 2025:10:03, 12:21.png
[2025-10-04 16:16:23] 📋 Copying new file: 2025:10:03, 13:59.png
[2025-10-04 16:16:23] 📋 Copying new file: 2025:10:03, 14:48.png
[2025-10-04 16:16:23] 📋 Copying new file: 2025:10:03, 15:19.png
[2025-10-04 16:16:23] 📋 Copying new file: 2025:10:03, 15:28.png
[2025-10-04 16:16:23] 📋 Copying new file: 2025:10:03, 16:12.png
[2025-10-04 16:16:23] 📋 Copying new file: 2025:10:03, 17:26.png
[2025-10-04 16:16:23] 📋 Copying new file: 2025:10:03, 17:43.png
[2025-10-04 16:16:23] 📋 Copying new file: 2025:10:03, 19:04.png
[2025-10-04 16:16:23] 📋 Copying new file: 2025:10:03, 20:01.png
[2025-10-04 16:16:23] 📋 Copying new file: 2025:10:03, 21:20.png
[2025-10-04 16:16:23] 📋 Copying new file: 2025:10:04, 10:32.png
[2025-10-04 16:16:23] 📋 Copying new file: 2025:10:04, 12:08.png
[2025-10-04 16:16:23] 📋 Copying new file: 2025:10:04, 14:12.png
[2025-10-04 16:16:23] 📋 Copying new file: 2025:10:04, 15:01.png
[2025-10-04 16:16:23] 📋 Copying new file: 2025:10:04, 15:41.png
[2025-10-04 16:16:23] 📋 Copying new file: 2025:10:04, 15:47.png
[2025-10-04 16:16:23] 📋 Copying new file: 2025:10:04, 15:59.png
[2025-10-04 16:16:23] 📋 Copying new file: 2025:10:04, 9:46.png
[2025-10-04 16:16:23] 📊 Files in inbox after sync:       75
[2025-10-04 16:16:23] ✅ New files copied: 39
[2025-10-04 16:16:23] 🔄 Committing new screenshots to git...
[2025-10-04 16:16:23] 📋 Files staged for commit:
[2025-10-04 16:16:23] ⚠️ No changes staged for commit despite new files detected
[2025-10-04 16:16:23] 🔍 Running git status for debugging:
 D AUTOMATION.md
 D CHAT_SESSION_LOG.md
 M README.md
 D docs/GUIDELINES.md
 D docs/OPERATIONS.md
 D docs/RESTORE_BACKUP.md
 D docs/VERIFICATION_CHECKLIST.md
 D docs/github-actions-journey.md
 M logs/icloud-sync.log
 M public/fit_place24_data.csv
 M scripts/icloud-sync.sh
 M scripts/python_ocr_processor.py
 M scripts/update-csv.js
 M src/app/page.tsx
 M src/components/floating-refresh-button.tsx
?? docs/CHAT_SESSION_LOG.md
?? docs/CRITICAL_ISSUES_ANALYSIS.md
?? docs/MASTER_SYSTEM_GUIDE.md
?? docs/README.md
[2025-10-04 16:16:23] ✅ iCloud sync process completed successfully
